
> salon-web@0.0.0 build
> npm run lint && vite build


> salon-web@0.0.0 lint
> eslint .


C:\Users\ASUS\Downloads\Curioushues\checklist-delegation-supabase\src\App.jsx
   3:27  warning  'Router' is defined but never used                    no-unused-vars
   3:35  warning  'Routes' is defined but never used                    no-unused-vars
   3:43  warning  'Route' is defined but never used                     no-unused-vars
   3:50  warning  'Navigate' is defined but never used                  no-unused-vars
   7:8   warning  'LoginPage' is defined but never used                 no-unused-vars
   8:8   warning  'AdminDashboard' is defined but never used            no-unused-vars
   9:8   warning  'AdminAssignTask' is defined but never used           no-unused-vars
  10:8   warning  'ChecklistTask' is defined but never used             no-unused-vars
  11:8   warning  'MaintenanceTask' is defined but never used           no-unused-vars
  12:8   warning  'RepairTask' is defined but never used                no-unused-vars
  13:8   warning  'EATask' is defined but never used                    no-unused-vars
  14:8   warning  'CalendarPage' is defined but never used              no-unused-vars
  15:8   warning  'QuickTask' is defined but never used                 no-unused-vars
  16:8   warning  'Demo' is defined but never used                      no-unused-vars
  17:8   warning  'Setting' is defined but never used                   no-unused-vars
  18:8   warning  'MisReport' is defined but never used                 no-unused-vars
  21:8   warning  'DataPage' is defined but never used                  no-unused-vars
  22:8   warning  'AdminDataPage' is defined but never used             no-unused-vars
  23:8   warning  'AccountDataPage' is defined but never used           no-unused-vars
  24:8   warning  'AdminDelegationTask' is defined but never used       no-unused-vars
  25:8   warning  'AllTasks' is defined but never used                  no-unused-vars
  26:8   warning  'HolidayListPage' is defined but never used           no-unused-vars
  27:8   warning  'WorkingDayCalendarPage' is defined but never used    no-unused-vars
  28:8   warning  'AdminApprovalPage' is defined but never used         no-unused-vars
  31:8   warning  'RealtimeLogoutListener' is defined but never used    no-unused-vars
  32:10  warning  'MagicToastProvider' is defined but never used        no-unused-vars
  35:7   warning  'ProtectedRoute' is assigned a value but never used   no-unused-vars
  50:7   warning  'SuperAdminRoute' is assigned a value but never used  no-unused-vars

C:\Users\ASUS\Downloads\Curioushues\checklist-delegation-supabase\src\components\AudioPlayer.jsx
   2:10  warning  'Play' is defined but never used                                                                              no-unused-vars
   2:16  warning  'Pause' is defined but never used                                                                             no-unused-vars
  43:8   warning  React Hook useEffect has a missing dependency: 'isPlaying'. Either include it or remove the dependency array  react-hooks/exhaustive-deps

C:\Users\ASUS\Downloads\Curioushues\checklist-delegation-supabase\src\components\CalendarComponent.jsx
  1:8  warning  'React' is defined but never used  no-unused-vars

C:\Users\ASUS\Downloads\Curioushues\checklist-delegation-supabase\src\components\MagicToast.jsx
  1:8   warning  'React' is defined but never used         no-unused-vars
  2:10  warning  'CheckCircle2' is defined but never used  no-unused-vars
  2:24  warning  'AlertCircle' is defined but never used   no-unused-vars
  2:37  warning  'Info' is defined but never used          no-unused-vars
  2:43  warning  'X' is defined but never used             no-unused-vars
  2:46  warning  'Sparkles' is defined but never used      no-unused-vars

C:\Users\ASUS\Downloads\Curioushues\checklist-delegation-supabase\src\components\RenderDescription.jsx
    1:8   warning  'React' is defined but never used            no-unused-vars
    2:64  warning  'X' is defined but never used                no-unused-vars
    2:67  warning  'Maximize2' is defined but never used        no-unused-vars
    2:78  warning  'ExternalLink' is defined but never used     no-unused-vars
    3:10  warning  'motion' is defined but never used           no-unused-vars
    3:18  warning  'AnimatePresence' is defined but never used  no-unused-vars
    4:8   warning  'AudioPlayer' is defined but never used      no-unused-vars
   17:11  warning  'isPdf' is assigned a value but never used   no-unused-vars
  180:18  warning  'e' is defined but never used                no-unused-vars
  205:25  warning  'Icon' is assigned a value but never used    no-unused-vars

C:\Users\ASUS\Downloads\Curioushues\checklist-delegation-supabase\src\components\TaskManagementTabs.jsx
   2:8   warning  'React' is defined but never used           no-unused-vars
   3:10  warning  'ClipboardCheck' is defined but never used  no-unused-vars
   3:26  warning  'Hammer' is defined but never used          no-unused-vars
   3:34  warning  'Wrench' is defined but never used          no-unused-vars
   3:42  warning  'Activity' is defined but never used        no-unused-vars
   3:52  warning  'Users' is defined but never used           no-unused-vars
   4:10  warning  'motion' is defined but never used          no-unused-vars
  24:35  warning  'Icon' is assigned a value but never used   no-unused-vars

C:\Users\ASUS\Downloads\Curioushues\checklist-delegation-supabase\src\components\layout\AdminLayout.jsx
    5:10  warning  'Link' is defined but never used                               no-unused-vars
   10:3   warning  'Home' is defined but never used                               no-unused-vars
   11:3   warning  'LogOut' is defined but never used                             no-unused-vars
   12:3   warning  'Menu' is defined but never used                               no-unused-vars
   14:3   warning  'ChevronDown' is defined but never used                        no-unused-vars
   15:3   warning  'ChevronRight' is defined but never used                       no-unused-vars
   18:3   warning  'CirclePlus' is defined but never used                         no-unused-vars
   19:3   warning  'UserRound' is defined but never used                          no-unused-vars
   23:3   warning  'CrossIcon' is defined but never used                          no-unused-vars
   24:3   warning  'X' is defined but never used                                  no-unused-vars
   82:9   warning  'reportingUsers' is assigned a value but never used            no-unused-vars
  239:9   warning  'getAccessibleDepartments' is assigned a value but never used  no-unused-vars

C:\Users\ASUS\Downloads\Curioushues\checklist-delegation-supabase\src\components\layout\UserLayout.jsx
  5:10  warning  'Link' is defined but never used           no-unused-vars
  7:10  warning  'Home' is defined but never used           no-unused-vars
  7:16  warning  'ClipboardList' is defined but never used  no-unused-vars
  7:31  warning  'CheckSquare' is defined but never used    no-unused-vars
  7:52  warning  'UserIcon' is defined but never used       no-unused-vars
  7:62  warning  'LogOut' is defined but never used         no-unused-vars
  7:70  warning  'Menu' is defined but never used           no-unused-vars
  7:76  warning  'X' is defined but never used              no-unused-vars

C:\Users\ASUS\Downloads\Curioushues\checklist-delegation-supabase\src\context\MagicToastContext.jsx
  2:8  warning  'React' is defined but never used       no-unused-vars
  3:8  warning  'MagicToast' is defined but never used  no-unused-vars

C:\Users\ASUS\Downloads\Curioushues\checklist-delegation-supabase\src\main.jsx
  1:10  warning  'StrictMode' is defined but never used     no-unused-vars
  4:8   warning  'App' is defined but never used            no-unused-vars
  5:10  warning  'Provider' is defined but never used       no-unused-vars
  7:10  warning  'BrowserRouter' is defined but never used  no-unused-vars

C:\Users\ASUS\Downloads\Curioushues\checklist-delegation-supabase\src\pages\AuthProvider.jsx
   4:27  warning  'Router' is defined but never used                 no-unused-vars
   4:35  warning  'Routes' is defined but never used                 no-unused-vars
   4:43  warning  'Route' is defined but never used                  no-unused-vars
   4:50  warning  'Navigate' is defined but never used               no-unused-vars
   5:8   warning  'LoginPage' is defined but never used              no-unused-vars
   6:8   warning  'AdminDashboard' is defined but never used         no-unused-vars
   7:8   warning  'AdminAssignTask' is defined but never used        no-unused-vars
   8:8   warning  'UserDashboard' is defined but never used          no-unused-vars
   9:8   warning  'UserTasks' is defined but never used              no-unused-vars
  10:8   warning  'AdminLayout' is defined but never used            no-unused-vars
  11:8   warning  'UserLayout' is defined but never used             no-unused-vars
  12:8   warning  'AllTasks' is defined but never used               no-unused-vars
  13:8   warning  'AdminQuickTask' is defined but never used         no-unused-vars
  14:8   warning  'AdminDelegationTask' is defined but never used    no-unused-vars
  18:7   warning  'PrivateRoute' is assigned a value but never used  no-unused-vars

C:\Users\ASUS\Downloads\Curioushues\checklist-delegation-supabase\src\pages\LoginPage.jsx
    8:10  warning  'LoginCredentialsApi' is defined but never used  no-unused-vars
   12:10  warning  'KeyRound' is defined but never used             no-unused-vars
   12:20  warning  'ShieldCheck' is defined but never used          no-unused-vars
   12:41  warning  'UserIcon' is defined but never used             no-unused-vars
   12:51  warning  'ArrowLeft' is defined but never used            no-unused-vars
   12:62  warning  'RefreshCw' is defined but never used            no-unused-vars
   12:73  warning  'Smartphone' is defined but never used           no-unused-vars
   12:85  warning  'Eye' is defined but never used                  no-unused-vars
   12:90  warning  'EyeOff' is defined but never used               no-unused-vars
  195:34  warning  'err' is defined but never used                  no-unused-vars
  257:30  warning  'err' is defined but never used                  no-unused-vars

C:\Users\ASUS\Downloads\Curioushues\checklist-delegation-supabase\src\pages\MisReport.jsx
    5:8   warning  'AdminLayout' is defined but never used      no-unused-vars
  114:56  warning  'append' is assigned a value but never used  no-unused-vars

C:\Users\ASUS\Downloads\Curioushues\checklist-delegation-supabase\src\pages\QuickTask.jsx
     5:10   warning  'Search' is defined but never used                                                                                 no-unused-vars
     5:18   warning  'ChevronDown' is defined but never used                                                                            no-unused-vars
     5:31   warning  'Filter' is defined but never used                                                                                 no-unused-vars
     5:39   warning  'Trash2' is defined but never used                                                                                 no-unused-vars
     5:47   warning  'Edit' is defined but never used                                                                                   no-unused-vars
     5:53   warning  'Save' is defined but never used                                                                                   no-unused-vars
     5:59   warning  'X' is defined but never used                                                                                      no-unused-vars
     5:62   warning  'Play' is defined but never used                                                                                   no-unused-vars
     5:68   warning  'Pause' is defined but never used                                                                                  no-unused-vars
     5:75   warning  'Mic' is defined but never used                                                                                    no-unused-vars
     5:80   warning  'Square' is defined but never used                                                                                 no-unused-vars
     5:88   warning  'Loader2' is defined but never used                                                                                no-unused-vars
     5:97   warning  'Plus' is defined but never used                                                                                   no-unused-vars
     6:8    warning  'AdminLayout' is defined but never used                                                                            no-unused-vars
     7:8    warning  'DelegationPage' is defined but never used                                                                         no-unused-vars
    13:10   warning  'ReactMediaRecorder' is defined but never used                                                                     no-unused-vars
    15:8    warning  'AudioPlayer' is defined but never used                                                                            no-unused-vars
    16:8    warning  'RenderDescription' is defined but never used                                                                      no-unused-vars
    18:10   warning  'motion' is defined but never used                                                                                 no-unused-vars
    18:18   warning  'AnimatePresence' is defined but never used                                                                        no-unused-vars
    29:7    warning  'getTimeStatus' is assigned a value but never used                                                                 no-unused-vars
    56:10   warning  'tasks' is assigned a value but never used                                                                         no-unused-vars
    56:17   warning  'setTasks' is assigned a value but never used                                                                      no-unused-vars
    57:10   warning  'delegationLoading' is assigned a value but never used                                                             no-unused-vars
    57:29   warning  'setDelegationLoading' is assigned a value but never used                                                          no-unused-vars
    58:17   warning  'setError' is assigned a value but never used                                                                      no-unused-vars
    63:10   warning  'editingTaskId' is assigned a value but never used                                                                 no-unused-vars
    79:22   warning  'setDateFilter' is assigned a value but never used                                                                 no-unused-vars
    94:5    warning  'users' is assigned a value but never used                                                                         no-unused-vars
   116:6    warning  React Hook useEffect has a missing dependency: 'showToast'. Either include it or remove the dependency array       react-hooks/exhaustive-deps
   192:9    warning  'areaOptions' is assigned a value but never used                                                                   no-unused-vars
   227:14   warning  'e' is defined but never used                                                                                      no-unused-vars
   288:109  warning  'idx' is defined but never used                                                                                    no-unused-vars
   321:25   warning  'uploadData' is assigned a value but never used                                                                    no-unused-vars
   537:9    warning  'formatDate' is assigned a value but never used                                                                    no-unused-vars
   570:9    warning  'allFrequencies' is assigned a value but never used                                                                no-unused-vars
   581:6    warning  React Hook useMemo has an unnecessary dependency: 'maintenance'. Either exclude it or remove the dependency array  react-hooks/exhaustive-deps
  1259:75   warning  'clearBlobUrl' is defined but never used                                                                           no-unused-vars

C:\Users\ASUS\Downloads\Curioushues\checklist-delegation-supabase\src\pages\Setting.jsx
    1:8    warning  'React' is defined but never used                                no-unused-vars
    2:10   warning  'motion' is defined but never used                               no-unused-vars
    3:10   warning  'Plus' is defined but never used                                 no-unused-vars
    3:32   warning  'X' is defined but never used                                    no-unused-vars
    3:35   warning  'Save' is defined but never used                                 no-unused-vars
    3:41   warning  'Edit' is defined but never used                                 no-unused-vars
    3:47   warning  'Trash2' is defined but never used                               no-unused-vars
    3:55   warning  'Settings' is defined but never used                             no-unused-vars
    3:65   warning  'Search' is defined but never used                               no-unused-vars
    3:73   warning  'ChevronDown' is defined but never used                          no-unused-vars
    3:96   warning  'RefreshCw' is defined but never used                            no-unused-vars
    3:107  warning  'Image' is defined but never used                                no-unused-vars
    4:8    warning  'AdminLayout' is defined but never used                          no-unused-vars
    6:176  warning  'createCustomDropdown' is defined but never used                 no-unused-vars
    6:198  warning  'deleteCustomDropdown' is defined but never used                 no-unused-vars
    9:8    warning  'CalendarComponent' is defined but never used                    no-unused-vars
   49:10   warning  'leaveUsernameFilter' is assigned a value but never used         no-unused-vars
   49:31   warning  'setLeaveUsernameFilter' is assigned a value but never used      no-unused-vars
   50:10   warning  'selectedUsers' is assigned a value but never used               no-unused-vars
   50:25   warning  'setSelectedUsers' is assigned a value but never used            no-unused-vars
   65:33   warning  'departmentsOnly' is assigned a value but never used             no-unused-vars
  108:18   warning  'e' is defined but never used                                    no-unused-vars
  159:14   warning  'error' is defined but never used                                no-unused-vars
  178:10   warning  'payload' is defined but never used                              no-unused-vars
  209:9    warning  'handleUsernameFilterSelect' is assigned a value but never used  no-unused-vars
  214:9    warning  'clearUsernameFilter' is assigned a value but never used         no-unused-vars
  219:9    warning  'toggleUsernameDropdown' is assigned a value but never used      no-unused-vars
  307:11   warning  'isFullShift' is assigned a value but never used                 no-unused-vars
  663:22   warning  'e' is defined but never used                                    no-unused-vars
  663:25   warning  Empty block statement                                            no-empty
  764:22   warning  'e' is defined but never used                                    no-unused-vars
  764:25   warning  Empty block statement                                            no-empty

C:\Users\ASUS\Downloads\Curioushues\checklist-delegation-supabase\src\pages\admin\AdminApprovalPage.jsx
    2:10   warning  'motion' is defined but never used                                                                                                                                                                                                                                   no-unused-vars
    2:18   warning  'AnimatePresence' is defined but never used                                                                                                                                                                                                                          no-unused-vars
    4:8    warning  'AdminLayout' is defined but never used                                                                                                                                                                                                                              no-unused-vars
   10:10   warning  'CheckCircle2' is defined but never used                                                                                                                                                                                                                             no-unused-vars
   10:24   warning  'Search' is defined but never used                                                                                                                                                                                                                                   no-unused-vars
   10:32   warning  'Play' is defined but never used                                                                                                                                                                                                                                     no-unused-vars
   10:38   warning  'Pause' is defined but never used                                                                                                                                                                                                                                    no-unused-vars
   10:45   warning  'AlertCircle' is defined but never used                                                                                                                                                                                                                              no-unused-vars
   10:69   warning  'Wrench' is defined but never used                                                                                                                                                                                                                                   no-unused-vars
   10:77   warning  'Hammer' is defined but never used                                                                                                                                                                                                                                   no-unused-vars
   10:85   warning  'Briefcase' is defined but never used                                                                                                                                                                                                                                no-unused-vars
   10:96   warning  'XCircle' is defined but never used                                                                                                                                                                                                                                  no-unused-vars
   10:105  warning  'History' is defined but never used                                                                                                                                                                                                                                  no-unused-vars
   10:114  warning  'Clock' is defined but never used                                                                                                                                                                                                                                    no-unused-vars
   10:121  warning  'User' is defined but never used                                                                                                                                                                                                                                     no-unused-vars
   10:127  warning  'Loader2' is defined but never used                                                                                                                                                                                                                                  no-unused-vars
   10:136  warning  'MessageSquare' is defined but never used                                                                                                                                                                                                                            no-unused-vars
   12:8    warning  'AudioPlayer' is defined but never used                                                                                                                                                                                                                              no-unused-vars
   15:8    warning  'RenderDescription' is defined but never used                                                                                                                                                                                                                        no-unused-vars
   18:7    warning  'extractAudioUrl' is assigned a value but never used                                                                                                                                                                                                                 no-unused-vars
  173:67   warning  The ref value 'loadingRef.current' will likely have changed by the time this effect cleanup function runs. If this ref points to a node rendered by React, copy 'loadingRef.current' to a variable inside the effect, and use that variable in the cleanup function  react-hooks/exhaustive-deps

C:\Users\ASUS\Downloads\Curioushues\checklist-delegation-supabase\src\pages\admin\AllTasks.jsx
     4:8   warning  'AdminLayout' is defined but never used                                                                                                                                                                                                                              no-unused-vars
     7:3   warning  'ClipboardList' is defined but never used                                                                                                                                                                                                                            no-unused-vars
     8:3   warning  'Wrench' is defined but never used                                                                                                                                                                                                                                   no-unused-vars
     9:3   warning  'Hammer' is defined but never used                                                                                                                                                                                                                                   no-unused-vars
    10:3   warning  'Search' is defined but never used                                                                                                                                                                                                                                   no-unused-vars
    11:3   warning  'Upload' is defined but never used                                                                                                                                                                                                                                   no-unused-vars
    12:3   warning  'CheckCircle2' is defined but never used                                                                                                                                                                                                                             no-unused-vars
    13:3   warning  'X' is defined but never used                                                                                                                                                                                                                                        no-unused-vars
    14:3   warning  'History' is defined but never used                                                                                                                                                                                                                                  no-unused-vars
    15:3   warning  'ArrowLeft' is defined but never used                                                                                                                                                                                                                                no-unused-vars
    16:3   warning  'Edit' is defined but never used                                                                                                                                                                                                                                     no-unused-vars
    17:3   warning  'Save' is defined but never used                                                                                                                                                                                                                                     no-unused-vars
    18:3   warning  'Loader2' is defined but never used                                                                                                                                                                                                                                  no-unused-vars
    19:3   warning  'Camera' is defined but never used                                                                                                                                                                                                                                   no-unused-vars
    20:3   warning  'Users' is defined but never used                                                                                                                                                                                                                                    no-unused-vars
    21:3   warning  'Play' is defined but never used                                                                                                                                                                                                                                     no-unused-vars
    22:3   warning  'Pause' is defined but never used                                                                                                                                                                                                                                    no-unused-vars
    23:3   warning  'BellRing' is defined but never used                                                                                                                                                                                                                                 no-unused-vars
    24:3   warning  'ChevronDown' is defined but never used                                                                                                                                                                                                                              no-unused-vars
    25:3   warning  'ChevronLeft' is defined but never used                                                                                                                                                                                                                              no-unused-vars
    26:3   warning  'ChevronRight' is defined but never used                                                                                                                                                                                                                             no-unused-vars
    27:3   warning  'Filter' is defined but never used                                                                                                                                                                                                                                   no-unused-vars
    29:8   warning  'TaskManagementTabs' is defined but never used                                                                                                                                                                                                                       no-unused-vars
    33:8   warning  'AudioPlayer' is defined but never used                                                                                                                                                                                                                              no-unused-vars
    35:8   warning  'RenderDescription' is defined but never used                                                                                                                                                                                                                        no-unused-vars
    71:10  warning  'fetchingProgress' is assigned a value but never used                                                                                                                                                                                                                no-unused-vars
    71:28  warning  'setFetchingProgress' is assigned a value but never used                                                                                                                                                                                                             no-unused-vars
   101:10  warning  'allUsers' is assigned a value but never used                                                                                                                                                                                                                        no-unused-vars
   149:14  warning  'error' is defined but never used                                                                                                                                                                                                                                    no-unused-vars
   165:14  warning  'error' is defined but never used                                                                                                                                                                                                                                    no-unused-vars
   181:14  warning  'error' is defined but never used                                                                                                                                                                                                                                    no-unused-vars
   210:9   warning  'calculateNextDueDate' is assigned a value but never used                                                                                                                                                                                                            no-unused-vars
   496:6   warning  React Hook useCallback has unnecessary dependencies: 'dateFilter', 'searchTerm', and 'workingDaysList'. Either exclude them or remove the dependency array                                                                                                           react-hooks/exhaustive-deps
   592:6   warning  React Hook useMemo has an unnecessary dependency: 'activeTab'. Either exclude it or remove the dependency array                                                                                                                                                      react-hooks/exhaustive-deps
   638:8   warning  React Hook useCallback has an unnecessary dependency: 'dateFilter'. Either exclude it or remove the dependency array                                                                                                                                                 react-hooks/exhaustive-deps
   663:61  warning  The ref value 'loadingRef.current' will likely have changed by the time this effect cleanup function runs. If this ref points to a node rendered by React, copy 'loadingRef.current' to a variable inside the effect, and use that variable in the cleanup function  react-hooks/exhaustive-deps
   688:13  warning  'data' is assigned a value but never used                                                                                                                                                                                                                            no-unused-vars
   731:17  warning  'data' is assigned a value but never used                                                                                                                                                                                                                            no-unused-vars
   741:17  warning  'data' is assigned a value but never used                                                                                                                                                                                                                            no-unused-vars
   974:9   warning  'handleSendUrgentWhatsApp' is assigned a value but never used                                                                                                                                                                                                        no-unused-vars
  1011:9   warning  'dateColumn' is assigned a value but never used                                                                                                                                                                                                                      no-unused-vars

C:\Users\ASUS\Downloads\Curioushues\checklist-delegation-supabase\src\pages\admin\AssignTask.jsx
  3:8   warning  'AdminLayout' is defined but never used   no-unused-vars
  4:25  warning  'Wrench' is defined but never used        no-unused-vars
  4:33  warning  'Hammer' is defined but never used        no-unused-vars
  4:41  warning  'Plus' is defined but never used          no-unused-vars
  4:47  warning  'ArrowUpRight' is defined but never used  no-unused-vars
  4:61  warning  'LayoutGrid' is defined but never used    no-unused-vars
  4:73  warning  'Users' is defined but never used         no-unused-vars

C:\Users\ASUS\Downloads\Curioushues\checklist-delegation-supabase\src\pages\admin\CalendarPage.jsx
    1:8    warning  'React' is defined but never used                                                                              no-unused-vars
    1:46   warning  'useCallback' is defined but never used                                                                        no-unused-vars
    3:8    warning  'AdminLayout' is defined but never used                                                                        no-unused-vars
    4:10   warning  'Plus' is defined but never used                                                                               no-unused-vars
    4:16   warning  'ClipboardList' is defined but never used                                                                      no-unused-vars
    4:31   warning  'ChevronLeft' is defined but never used                                                                        no-unused-vars
    4:44   warning  'ChevronRight' is defined but never used                                                                       no-unused-vars
    4:70   warning  'CalendarIcon' is defined but never used                                                                       no-unused-vars
    4:84   warning  'Clock' is defined but never used                                                                              no-unused-vars
    4:91   warning  'CheckCircle2' is defined but never used                                                                       no-unused-vars
    4:105  warning  'AlertCircle' is defined but never used                                                                        no-unused-vars
    4:118  warning  'X' is defined but never used                                                                                  no-unused-vars
    4:121  warning  'Edit' is defined but never used                                                                               no-unused-vars
    4:127  warning  'Save' is defined but never used                                                                               no-unused-vars
    4:133  warning  'Loader2' is defined but never used                                                                            no-unused-vars
    4:142  warning  'Play' is defined but never used                                                                               no-unused-vars
    4:148  warning  'Pause' is defined but never used                                                                              no-unused-vars
    4:155  warning  'Search' is defined but never used                                                                             no-unused-vars
    4:163  warning  'Mic' is defined but never used                                                                                no-unused-vars
    4:168  warning  'Users' is defined but never used                                                                              no-unused-vars
    4:175  warning  'Filter' is defined but never used                                                                             no-unused-vars
    4:183  warning  'Check' is defined but never used                                                                              no-unused-vars
    4:190  warning  'ChevronDown' is defined but never used                                                                        no-unused-vars
    4:203  warning  'ShieldAlert' is defined but never used                                                                        no-unused-vars
    5:8    warning  'AudioPlayer' is defined but never used                                                                        no-unused-vars
   44:14   warning  'e' is defined but never used                                                                                  no-unused-vars
   78:12   warning  'editingTaskId' is assigned a value but never used                                                             no-unused-vars
   80:12   warning  'isUpdating' is assigned a value but never used                                                                no-unused-vars
  157:8    warning  React Hook useEffect has a missing dependency: 'fetchTasks'. Either include it or remove the dependency array  react-hooks/exhaustive-deps
  194:19   warning  'userAccess' is assigned a value but never used                                                                no-unused-vars
  258:19   warning  'finalRepairRes' is assigned a value but never used                                                            no-unused-vars
  259:19   warning  'finalEARes' is assigned a value but never used                                                                no-unused-vars
  361:11   warning  'handleEditClick' is assigned a value but never used                                                           no-unused-vars
  369:11   warning  'handleUpdateTask' is assigned a value but never used                                                          no-unused-vars

C:\Users\ASUS\Downloads\Curioushues\checklist-delegation-supabase\src\pages\admin\ChecklistTask.jsx
    1:31   warning  'useRef' is defined but never used               no-unused-vars
    4:5    warning  'ClipboardList' is defined but never used        no-unused-vars
    4:20   warning  'Calendar' is defined but never used             no-unused-vars
    4:30   warning  'X' is defined but never used                    no-unused-vars
    4:33   warning  'Mic' is defined but never used                  no-unused-vars
    4:38   warning  'Square' is defined but never used               no-unused-vars
    4:46   warning  'Trash2' is defined but never used               no-unused-vars
    4:54   warning  'Plus' is defined but never used                 no-unused-vars
    4:60   warning  'Save' is defined but never used                 no-unused-vars
    4:66   warning  'Loader2' is defined but never used              no-unused-vars
    4:75   warning  'CheckCircle2' is defined but never used         no-unused-vars
    4:89   warning  'Clock' is defined but never used                no-unused-vars
    4:96   warning  'FileCheck' is defined but never used            no-unused-vars
    4:107  warning  'Play' is defined but never used                 no-unused-vars
    4:113  warning  'Pause' is defined but never used                no-unused-vars
    4:120  warning  'ExternalLink' is defined but never used         no-unused-vars
    6:10   warning  'ReactMediaRecorder' is defined but never used   no-unused-vars
    7:8    warning  'AdminLayout' is defined but never used          no-unused-vars
    8:8    warning  'AudioPlayer' is defined but never used          no-unused-vars
   13:8    warning  'CalendarComponent' is defined but never used    no-unused-vars
   49:7    warning  'isAudioUrl' is assigned a value but never used  no-unused-vars
   67:10   warning  'TaskCard' is defined but never used             no-unused-vars
  548:19   warning  'dateStr' is assigned a value but never used     no-unused-vars

C:\Users\ASUS\Downloads\Curioushues\checklist-delegation-supabase\src\pages\admin\Dashboard.jsx
     6:8   warning  'AdminLayout' is defined but never used                                                                                 no-unused-vars
     7:8   warning  'DashboardHeader' is defined but never used                                                                             no-unused-vars
     8:8   warning  'StatisticsCards' is defined but never used                                                                             no-unused-vars
     9:8   warning  'TaskNavigationTabs' is defined but never used                                                                          no-unused-vars
    10:8   warning  'CompletionRateCard' is defined but never used                                                                          no-unused-vars
    11:8   warning  'TasksOverviewChart' is defined but never used                                                                          no-unused-vars
    12:8   warning  'TasksCompletionChart' is defined but never used                                                                        no-unused-vars
    13:8   warning  'StaffTasksTable' is defined but never used                                                                             no-unused-vars
    27:10  warning  'fetchMaintenanceDataSortByDate' is defined but never used                                                              no-unused-vars
    28:10  warning  'fetchRepairDataSortByDate' is defined but never used                                                                   no-unused-vars
    29:8   warning  'DefaultView' is defined but never used                                                                                 no-unused-vars
    30:8   warning  'MaintenanceView' is defined but never used                                                                             no-unused-vars
    31:8   warning  'RepairView' is defined but never used                                                                                  no-unused-vars
    32:8   warning  'EAView' is defined but never used                                                                                      no-unused-vars
    33:8   warning  'TaskManagementTabs' is defined but never used                                                                          no-unused-vars
    38:24  warning  'setFilterStatus' is assigned a value but never used                                                                    no-unused-vars
    41:21  warning  'setActiveTab' is assigned a value but never used                                                                       no-unused-vars
    51:10  warning  'allTasks' is assigned a value but never used                                                                           no-unused-vars
    51:20  warning  'setAllTasks' is assigned a value but never used                                                                        no-unused-vars
    89:11  warning  'dashboard' is assigned a value but never used                                                                          no-unused-vars
    89:22  warning  'totalTask' is assigned a value but never used                                                                          no-unused-vars
    89:33  warning  'completeTask' is assigned a value but never used                                                                       no-unused-vars
    89:47  warning  'pendingTask' is assigned a value but never used                                                                        no-unused-vars
    89:60  warning  'overdueTask' is assigned a value but never used                                                                        no-unused-vars
   210:11  warning  'process' is assigned a value but never used                                                                            no-unused-vars
   210:22  warning  'dataStream' is defined but never used                                                                                  no-unused-vars
   210:34  warning  'statsObject' is defined but never used                                                                                 no-unused-vars
   341:81  warning  'append' is assigned a value but never used                                                                             no-unused-vars
   447:9   warning  'formatLocalDate' is assigned a value but never used                                                                    no-unused-vars
   484:9   warning  'isDateFuture' is assigned a value but never used                                                                       no-unused-vars
   494:9   warning  'isDateTomorrow' is assigned a value but never used                                                                     no-unused-vars
   574:13  warning  'userRoleLower' is assigned a value but never used                                                                      no-unused-vars
   682:17  warning  'completionDate' is assigned a value but never used                                                                     no-unused-vars
   891:6   warning  React Hook useEffect has a missing dependency: 'fetchDepartments'. Either include it or remove the dependency array     react-hooks/exhaustive-deps
   919:6   warning  React Hook useEffect has a missing dependency: 'loadMoreData'. Either include it or remove the dependency array         react-hooks/exhaustive-deps
   954:6   warning  React Hook useEffect has a missing dependency: 'fetchDepartmentData'. Either include it or remove the dependency array  react-hooks/exhaustive-deps
   968:6   warning  React Hook useEffect has a missing dependency: 'mainTab'. Either include it or remove the dependency array              react-hooks/exhaustive-deps
  1003:6   warning  React Hook useEffect has a missing dependency: 'mainTab'. Either include it or remove the dependency array              react-hooks/exhaustive-deps
  1033:11  warning  Unexpected lexical declaration in case block                                                                            no-case-declarations
  1051:9   warning  'getStatusColor' is assigned a value but never used                                                                     no-unused-vars
  1090:9   warning  'cardStats' is assigned a value but never used                                                                          no-unused-vars

C:\Users\ASUS\Downloads\Curioushues\checklist-delegation-supabase\src\pages\admin\DataPage.jsx
   4:8  warning  'AdminLayout' is defined but never used          no-unused-vars
   5:8  warning  'SalesDataPage' is defined but never used        no-unused-vars
   6:8  warning  'ServiceDataPage' is defined but never used      no-unused-vars
   7:8  warning  'JockeyDataPage' is defined but never used       no-unused-vars
   8:8  warning  'AccountDataPage' is defined but never used      no-unused-vars
   9:8  warning  'WarehouseDataPage' is defined but never used    no-unused-vars
  10:8  warning  'PurchaseDataPage' is defined but never used     no-unused-vars
  11:8  warning  'DirectorDataPage' is defined but never used     no-unused-vars
  12:8  warning  'ManagingDirector' is defined but never used     no-unused-vars
  13:8  warning  'AdminDataPage' is defined but never used        no-unused-vars
  14:8  warning  'MaintenanceDataPage' is defined but never used  no-unused-vars
  15:8  warning  'RepairDataPage' is defined but never used       no-unused-vars
  16:8  warning  'Coo' is defined but never used                  no-unused-vars

C:\Users\ASUS\Downloads\Curioushues\checklist-delegation-supabase\src\pages\admin\EATask.jsx
    3:8   warning  'AdminLayout' is defined but never used                                                                             no-unused-vars
    4:10  warning  'Users' is defined but never used                                                                                   no-unused-vars
    4:17  warning  'Calendar' is defined but never used                                                                                no-unused-vars
    4:27  warning  'Save' is defined but never used                                                                                    no-unused-vars
    4:33  warning  'ArrowLeft' is defined but never used                                                                               no-unused-vars
    4:44  warning  'Loader2' is defined but never used                                                                                 no-unused-vars
    4:53  warning  'Mic' is defined but never used                                                                                     no-unused-vars
    4:58  warning  'Square' is defined but never used                                                                                  no-unused-vars
    4:66  warning  'Trash2' is defined but never used                                                                                  no-unused-vars
    4:74  warning  'Plus' is defined but never used                                                                                    no-unused-vars
    4:80  warning  'CheckCircle2' is defined but never used                                                                            no-unused-vars
    4:94  warning  'X' is defined but never used                                                                                       no-unused-vars
    4:97  warning  'Clock' is defined but never used                                                                                   no-unused-vars
    5:10  warning  'ReactMediaRecorder' is defined but never used                                                                      no-unused-vars
    6:8   warning  'AudioPlayer' is defined but never used                                                                             no-unused-vars
   10:8   warning  'CalendarComponent' is defined but never used                                                                       no-unused-vars
   43:10  warning  'TaskCard' is defined but never used                                                                                no-unused-vars
  380:8   warning  React Hook useEffect has a missing dependency: 'allDoers.length'. Either include it or remove the dependency array  react-hooks/exhaustive-deps

C:\Users\ASUS\Downloads\Curioushues\checklist-delegation-supabase\src\pages\admin\HolidayListPage.jsx
  2:8   warning  'React' is defined but never used         no-unused-vars
  3:8   warning  'AdminLayout' is defined but never used   no-unused-vars
  4:22  warning  'CalendarIcon' is defined but never used  no-unused-vars
  4:36  warning  'Plus' is defined but never used          no-unused-vars
  4:42  warning  'Trash2' is defined but never used        no-unused-vars
  4:50  warning  'Search' is defined but never used        no-unused-vars
  4:58  warning  'Loader2' is defined but never used       no-unused-vars

C:\Users\ASUS\Downloads\Curioushues\checklist-delegation-supabase\src\pages\admin\MaintenanceDataPage.jsx
   3:8   warning  'AdminLayout' is defined but never used                                                                                                                                                                                                no-unused-vars
   6:10  warning  'Search' is defined but never used                                                                                                                                                                                                     no-unused-vars
   6:18  warning  'History' is defined but never used                                                                                                                                                                                                    no-unused-vars
   6:27  warning  'ArrowLeft' is defined but never used                                                                                                                                                                                                  no-unused-vars
   6:38  warning  'CheckCircle2' is defined but never used                                                                                                                                                                                               no-unused-vars
   6:52  warning  'X' is defined but never used                                                                                                                                                                                                          no-unused-vars
   6:55  warning  'Upload' is defined but never used                                                                                                                                                                                                     no-unused-vars
   6:63  warning  'Save' is defined but never used                                                                                                                                                                                                       no-unused-vars
   6:69  warning  'Loader2' is defined but never used                                                                                                                                                                                                    no-unused-vars
   6:78  warning  'Play' is defined but never used                                                                                                                                                                                                       no-unused-vars
   6:84  warning  'Pause' is defined but never used                                                                                                                                                                                                      no-unused-vars
   7:10  warning  'useRef' is defined but never used                                                                                                                                                                                                     no-unused-vars
   8:8   warning  'RenderDescription' is defined but never used                                                                                                                                                                                          no-unused-vars
  23:11  warning  The 'maintenance' logical expression could make the dependencies of useMemo Hook (at line 105) change on every render. To fix this, wrap the initialization of 'maintenance' in its own useMemo() Hook                                 react-hooks/exhaustive-deps
  24:11  warning  The 'history' logical expression could make the dependencies of useMemo Hook (at line 105) change on every render. Move it inside the useMemo callback. Alternatively, wrap the initialization of 'history' in its own useMemo() Hook  react-hooks/exhaustive-deps

C:\Users\ASUS\Downloads\Curioushues\checklist-delegation-supabase\src\pages\admin\MaintenanceTask.jsx
   3:10   warning  'BellRing' is defined but never used                      no-unused-vars
   3:20   warning  'FileCheck' is defined but never used                     no-unused-vars
   3:31   warning  'Calendar' is defined but never used                      no-unused-vars
   3:41   warning  'Wrench' is defined but never used                        no-unused-vars
   3:49   warning  'X' is defined but never used                             no-unused-vars
   3:52   warning  'Mic' is defined but never used                           no-unused-vars
   3:57   warning  'Square' is defined but never used                        no-unused-vars
   3:65   warning  'Trash2' is defined but never used                        no-unused-vars
   3:73   warning  'Plus' is defined but never used                          no-unused-vars
   3:79   warning  'Save' is defined but never used                          no-unused-vars
   3:85   warning  'Loader2' is defined but never used                       no-unused-vars
   3:94   warning  'CheckCircle2' is defined but never used                  no-unused-vars
   3:108  warning  'Clock' is defined but never used                         no-unused-vars
   4:10   warning  'ReactMediaRecorder' is defined but never used            no-unused-vars
   5:8    warning  'AdminLayout' is defined but never used                   no-unused-vars
  11:8    warning  'CalendarComponent' is defined but never used             no-unused-vars
  13:8    warning  'AudioPlayer' is defined but never used                   no-unused-vars
  26:7    warning  'isAudioUrl' is assigned a value but never used           no-unused-vars
  61:7    warning  'MaintenanceTaskCard' is assigned a value but never used  no-unused-vars

C:\Users\ASUS\Downloads\Curioushues\checklist-delegation-supabase\src\pages\admin\RepairDataPage.jsx
   2:40  warning  'useRef' is defined but never used                                                                                                                                                                                                            no-unused-vars
   3:10  warning  'Search' is defined but never used                                                                                                                                                                                                            no-unused-vars
   3:18  warning  'Edit' is defined but never used                                                                                                                                                                                                              no-unused-vars
   3:24  warning  'X' is defined but never used                                                                                                                                                                                                                 no-unused-vars
   3:27  warning  'Loader2' is defined but never used                                                                                                                                                                                                           no-unused-vars
   3:36  warning  'Save' is defined but never used                                                                                                                                                                                                              no-unused-vars
   3:42  warning  'Wrench' is defined but never used                                                                                                                                                                                                            no-unused-vars
   3:50  warning  'Calendar' is defined but never used                                                                                                                                                                                                          no-unused-vars
   3:60  warning  'Filter' is defined but never used                                                                                                                                                                                                            no-unused-vars
   3:68  warning  'History' is defined but never used                                                                                                                                                                                                           no-unused-vars
   3:77  warning  'ArrowLeft' is defined but never used                                                                                                                                                                                                         no-unused-vars
   3:88  warning  'Play' is defined but never used                                                                                                                                                                                                              no-unused-vars
   3:94  warning  'Pause' is defined but never used                                                                                                                                                                                                             no-unused-vars
   6:8   warning  'AdminLayout' is defined but never used                                                                                                                                                                                                       no-unused-vars
   7:8   warning  'RenderDescription' is defined but never used                                                                                                                                                                                                 no-unused-vars
  26:11  warning  The 'repairList' logical expression could make the dependencies of useMemo Hook (at line 53) change on every render. Move it inside the useMemo callback. Alternatively, wrap the initialization of 'repairList' in its own useMemo() Hook    react-hooks/exhaustive-deps
  27:11  warning  The 'historyList' logical expression could make the dependencies of useMemo Hook (at line 53) change on every render. Move it inside the useMemo callback. Alternatively, wrap the initialization of 'historyList' in its own useMemo() Hook  react-hooks/exhaustive-deps

C:\Users\ASUS\Downloads\Curioushues\checklist-delegation-supabase\src\pages\admin\RepairTask.jsx
   3:10  warning  'X' is defined but never used                    no-unused-vars
   3:13  warning  'Loader2' is defined but never used              no-unused-vars
   3:22  warning  'Mic' is defined but never used                  no-unused-vars
   3:27  warning  'Square' is defined but never used               no-unused-vars
   3:35  warning  'Trash2' is defined but never used               no-unused-vars
   3:43  warning  'Plus' is defined but never used                 no-unused-vars
   3:49  warning  'Save' is defined but never used                 no-unused-vars
   3:55  warning  'CheckCircle2' is defined but never used         no-unused-vars
   3:69  warning  'Clock' is defined but never used                no-unused-vars
   4:8   warning  'AdminLayout' is defined but never used          no-unused-vars
   6:10  warning  'createRepair' is defined but never used         no-unused-vars
   9:10  warning  'ReactMediaRecorder' is defined but never used   no-unused-vars
  12:8   warning  'AudioPlayer' is defined but never used          no-unused-vars
  18:7   warning  'isAudioUrl' is assigned a value but never used  no-unused-vars
  38:10  warning  'RepairTaskCard' is defined but never used       no-unused-vars

C:\Users\ASUS\Downloads\Curioushues\checklist-delegation-supabase\src\pages\admin\SalesDataPage.jsx
   2:31  warning  'useCallback' is defined but never used           no-unused-vars
   3:10  warning  'CheckCircle2' is defined but never used          no-unused-vars
   3:24  warning  'Upload' is defined but never used                no-unused-vars
   3:32  warning  'X' is defined but never used                     no-unused-vars
   3:35  warning  'Search' is defined but never used                no-unused-vars
   3:43  warning  'History' is defined but never used               no-unused-vars
   3:52  warning  'ArrowLeft' is defined but never used             no-unused-vars
   3:63  warning  'Filter' is defined but never used                no-unused-vars
   3:71  warning  'Calendar' is defined but never used              no-unused-vars
   3:81  warning  'Save' is defined but never used                  no-unused-vars
   3:87  warning  'Loader2' is defined but never used               no-unused-vars
   4:8   warning  'AdminLayout' is defined but never used           no-unused-vars
  32:22  warning  'loading' is assigned a value but never used      no-unused-vars
  32:49  warning  'currentPage' is assigned a value but never used  no-unused-vars

C:\Users\ASUS\Downloads\Curioushues\checklist-delegation-supabase\src\pages\admin\WorkingDayCalendarPage.jsx
    1:8    warning  'React' is defined but never used                                                                             no-unused-vars
    2:8    warning  'AdminLayout' is defined but never used                                                                       no-unused-vars
    3:10   warning  'ChevronLeft' is defined but never used                                                                       no-unused-vars
    3:23   warning  'ChevronRight' is defined but never used                                                                      no-unused-vars
    3:49   warning  'CalendarIcon' is defined but never used                                                                      no-unused-vars
    3:63   warning  'List' is defined but never used                                                                              no-unused-vars
    3:69   warning  'CheckCircle2' is defined but never used                                                                      no-unused-vars
    3:83   warning  'ShieldAlert' is defined but never used                                                                       no-unused-vars
    3:96   warning  'Loader2' is defined but never used                                                                           no-unused-vars
    3:105  warning  'Plus' is defined but never used                                                                              no-unused-vars
    3:111  warning  'Trash2' is defined but never used                                                                            no-unused-vars
   17:8    warning  React Hook useEffect has a missing dependency: 'fetchData'. Either include it or remove the dependency array  react-hooks/exhaustive-deps
   61:11   warning  'toggleWorkingDay' is assigned a value but never used                                                         no-unused-vars
  338:7    warning  'LegendItem' is assigned a value but never used                                                               no-unused-vars

C:\Users\ASUS\Downloads\Curioushues\checklist-delegation-supabase\src\pages\admin\account-data-page.jsx
    5:10  warning  'CheckCircle2' is defined but never used                                                                                    no-unused-vars
    5:24  warning  'Upload' is defined but never used                                                                                          no-unused-vars
    5:32  warning  'X' is defined but never used                                                                                               no-unused-vars
    5:35  warning  'Search' is defined but never used                                                                                          no-unused-vars
    5:43  warning  'History' is defined but never used                                                                                         no-unused-vars
    5:52  warning  'ArrowLeft' is defined but never used                                                                                       no-unused-vars
    6:8   warning  'AdminLayout' is defined but never used                                                                                     no-unused-vars
  129:6   warning  React Hook useMemo has a missing dependency: 'sortDateWise'. Either include it or remove the dependency array               react-hooks/exhaustive-deps
  229:16  warning  'parseError' is defined but never used                                                                                      no-unused-vars
  365:6   warning  React Hook useCallback has a missing dependency: 'parseGoogleSheetsDate'. Either include it or remove the dependency array  react-hooks/exhaustive-deps

C:\Users\ASUS\Downloads\Curioushues\checklist-delegation-supabase\src\pages\admin\admin-data-page.jsx
    4:10  warning  'CheckCircle2' is defined but never used                                                                           no-unused-vars
    4:24  warning  'Upload' is defined but never used                                                                                 no-unused-vars
    4:32  warning  'X' is defined but never used                                                                                      no-unused-vars
    4:35  warning  'Search' is defined but never used                                                                                 no-unused-vars
    4:43  warning  'History' is defined but never used                                                                                no-unused-vars
    4:52  warning  'ArrowLeft' is defined but never used                                                                              no-unused-vars
    4:63  warning  'Calendar' is defined but never used                                                                               no-unused-vars
    4:73  warning  'Check' is defined but never used                                                                                  no-unused-vars
    5:8   warning  'AdminLayout' is defined but never used                                                                            no-unused-vars
    6:8   warning  'ReactDOM' is defined but never used                                                                               no-unused-vars
   23:10  warning  'debugInfo' is assigned a value but never used                                                                     no-unused-vars
  111:9   warning  'formatDateFromHTML' is assigned a value but never used                                                            no-unused-vars
  257:9   warning  'ConfirmationModal' is assigned a value but never used                                                             no-unused-vars
  417:15  warning  'columnPValue' is assigned a value but never used                                                                  no-unused-vars
  501:6   warning  React Hook useEffect has a missing dependency: 'fetchSheetData'. Either include it or remove the dependency array  react-hooks/exhaustive-deps

C:\Users\ASUS\Downloads\Curioushues\checklist-delegation-supabase\src\pages\admin\coo-data-page.jsx
    4:10  warning  'CheckCircle2' is defined but never used                                                                           no-unused-vars
    4:24  warning  'Upload' is defined but never used                                                                                 no-unused-vars
    4:32  warning  'X' is defined but never used                                                                                      no-unused-vars
    4:35  warning  'Search' is defined but never used                                                                                 no-unused-vars
    4:43  warning  'History' is defined but never used                                                                                no-unused-vars
    4:52  warning  'ArrowLeft' is defined but never used                                                                              no-unused-vars
    4:63  warning  'Calendar' is defined but never used                                                                               no-unused-vars
    4:73  warning  'Check' is defined but never used                                                                                  no-unused-vars
    5:8   warning  'AdminLayout' is defined but never used                                                                            no-unused-vars
    6:8   warning  'ReactDOM' is defined but never used                                                                               no-unused-vars
   23:10  warning  'debugInfo' is assigned a value but never used                                                                     no-unused-vars
  110:9   warning  'formatDateFromHTML' is assigned a value but never used                                                            no-unused-vars
  256:9   warning  'ConfirmationModal' is assigned a value but never used                                                             no-unused-vars
  416:15  warning  'columnPValue' is assigned a value but never used                                                                  no-unused-vars
  500:6   warning  React Hook useEffect has a missing dependency: 'fetchSheetData'. Either include it or remove the dependency array  react-hooks/exhaustive-deps

C:\Users\ASUS\Downloads\Curioushues\checklist-delegation-supabase\src\pages\admin\dashboard\Chart\TaskCompletionChart.jsx
  1:10  warning  'PieChart' is defined but never used             no-unused-vars
  1:20  warning  'Pie' is defined but never used                  no-unused-vars
  1:25  warning  'Cell' is defined but never used                 no-unused-vars
  1:31  warning  'ResponsiveContainer' is defined but never used  no-unused-vars
  1:52  warning  'Tooltip' is defined but never used              no-unused-vars
  1:61  warning  'Legend' is defined but never used               no-unused-vars

C:\Users\ASUS\Downloads\Curioushues\checklist-delegation-supabase\src\pages\admin\dashboard\Chart\TaskOverviewChart.jsx
  1:10  warning  'BarChart' is defined but never used             no-unused-vars
  1:20  warning  'Bar' is defined but never used                  no-unused-vars
  1:25  warning  'XAxis' is defined but never used                no-unused-vars
  1:32  warning  'YAxis' is defined but never used                no-unused-vars
  1:39  warning  'CartesianGrid' is defined but never used        no-unused-vars
  1:54  warning  'Tooltip' is defined but never used              no-unused-vars
  1:63  warning  'Legend' is defined but never used               no-unused-vars
  1:71  warning  'ResponsiveContainer' is defined but never used  no-unused-vars

C:\Users\ASUS\Downloads\Curioushues\checklist-delegation-supabase\src\pages\admin\dashboard\CompletionRateCard.jsx
  1:10  warning  'BarChart3' is defined but never used  no-unused-vars

C:\Users\ASUS\Downloads\Curioushues\checklist-delegation-supabase\src\pages\admin\dashboard\DashboardHeader.jsx
  17:5  warning  'isLoadingMore' is defined but never used  no-unused-vars

C:\Users\ASUS\Downloads\Curioushues\checklist-delegation-supabase\src\pages\admin\dashboard\StaffTaskTable.jsx
   10:3  warning  'parseTaskStartDate' is defined but never used                                                                    no-unused-vars
  110:6  warning  React Hook useEffect has a missing dependency: 'loadStaffData'. Either include it or remove the dependency array  react-hooks/exhaustive-deps
  142:6  warning  React Hook useEffect has a missing dependency: 'loadMoreData'. Either include it or remove the dependency array   react-hooks/exhaustive-deps

C:\Users\ASUS\Downloads\Curioushues\checklist-delegation-supabase\src\pages\admin\dashboard\StaticsCard.jsx
   1:10  warning  'ListTodo' is defined but never used              no-unused-vars
   1:20  warning  'CheckCircle2' is defined but never used          no-unused-vars
   1:34  warning  'Clock' is defined but never used                 no-unused-vars
   1:41  warning  'AlertTriangle' is defined but never used         no-unused-vars
   1:56  warning  'BarChart3' is defined but never used             no-unused-vars
   1:67  warning  'XCircle' is defined but never used               no-unused-vars
   1:76  warning  'Calendar' is defined but never used              no-unused-vars
   4:3   warning  'dashboardType' is defined but never used         no-unused-vars
  27:9   warning  'notDoneDash' is assigned a value but never used  no-unused-vars

C:\Users\ASUS\Downloads\Curioushues\checklist-delegation-supabase\src\pages\admin\dashboard\TaskNavigationTab.jsx
    3:8   warning  'React' is defined but never used                                                                                                                                                                                                            no-unused-vars
    3:51  warning  'useRef' is defined but never used                                                                                                                                                                                                           no-unused-vars
    4:10  warning  'motion' is defined but never used                                                                                                                                                                                                           no-unused-vars
    5:10  warning  'Filter' is defined but never used                                                                                                                                                                                                           no-unused-vars
    5:18  warning  'ChevronDown' is defined but never used                                                                                                                                                                                                      no-unused-vars
    5:31  warning  'ChevronUp' is defined but never used                                                                                                                                                                                                        no-unused-vars
    5:42  warning  'Play' is defined but never used                                                                                                                                                                                                             no-unused-vars
    5:48  warning  'Pause' is defined but never used                                                                                                                                                                                                            no-unused-vars
    5:55  warning  'Edit' is defined but never used                                                                                                                                                                                                             no-unused-vars
    5:61  warning  'Save' is defined but never used                                                                                                                                                                                                             no-unused-vars
    5:67  warning  'X' is defined but never used                                                                                                                                                                                                                no-unused-vars
    5:70  warning  'Mic' is defined but never used                                                                                                                                                                                                              no-unused-vars
    5:75  warning  'Square' is defined but never used                                                                                                                                                                                                           no-unused-vars
    5:83  warning  'Trash2' is defined but never used                                                                                                                                                                                                           no-unused-vars
    5:91  warning  'Loader2' is defined but never used                                                                                                                                                                                                          no-unused-vars
    6:10  warning  'ReactMediaRecorder' is defined but never used                                                                                                                                                                                               no-unused-vars
    7:8   warning  'AudioPlayer' is defined but never used                                                                                                                                                                                                      no-unused-vars
    8:8   warning  'RenderDescription' is defined but never used                                                                                                                                                                                                no-unused-vars
   31:3   warning  'filterStaff' is defined but never used                                                                                                                                                                                                      no-unused-vars
   33:3   warning  'departmentData' is defined but never used                                                                                                                                                                                                   no-unused-vars
   37:3   warning  'userRole' is defined but never used                                                                                                                                                                                                         no-unused-vars
   43:10  warning  'totalCount' is assigned a value but never used                                                                                                                                                                                              no-unused-vars
   49:10  warning  'isUploading' is assigned a value but never used                                                                                                                                                                                             no-unused-vars
   53:10  warning  'givenByList' is assigned a value but never used                                                                                                                                                                                             no-unused-vars
  101:25  warning  'uploadData' is assigned a value but never used                                                                                                                                                                                              no-unused-vars
  403:9   warning  'isDateInPast' is assigned a value but never used                                                                                                                                                                                            no-unused-vars
  428:6   warning  React Hook useEffect has a missing dependency: 'loadTasksFromServer'. Either include it or remove the dependency array                                                                                                                       react-hooks/exhaustive-deps
  435:6   warning  React Hook useEffect has missing dependencies: 'currentPage' and 'loadTasksFromServer'. Either include them or remove the dependency array                                                                                                   react-hooks/exhaustive-deps
  442:6   warning  React Hook useEffect has a missing dependency: 'setFilterStaff'. Either include it or remove the dependency array. If 'setFilterStaff' changes too often, find the parent component that defines it and wrap that definition in useCallback  react-hooks/exhaustive-deps
  474:6   warning  React Hook useEffect has a missing dependency: 'loadMoreData'. Either include it or remove the dependency array                                                                                                                              react-hooks/exhaustive-deps
  621:48  warning  'index' is defined but never used                                                                                                                                                                                                            no-unused-vars

C:\Users\ASUS\Downloads\Curioushues\checklist-delegation-supabase\src\pages\admin\dashboard\dummy.jsx
   1:10  warning  'ListTodo' is defined but never used             no-unused-vars
   1:20  warning  'CheckCircle2' is defined but never used         no-unused-vars
   1:34  warning  'Clock' is defined but never used                no-unused-vars
   1:41  warning  'AlertTriangle' is defined but never used        no-unused-vars
   1:56  warning  'BarChart3' is defined but never used            no-unused-vars
   1:67  warning  'XCircle' is defined but never used              no-unused-vars
   1:76  warning  'Calendar' is defined but never used             no-unused-vars
  27:11  warning  'formatDate' is assigned a value but never used  no-unused-vars

C:\Users\ASUS\Downloads\Curioushues\checklist-delegation-supabase\src\pages\admin\dashboard\views\DefaultView.jsx
  1:8  warning  'React' is defined but never used               no-unused-vars
  2:8  warning  'StatisticsCards' is defined but never used     no-unused-vars
  3:8  warning  'TaskNavigationTabs' is defined but never used  no-unused-vars
  4:8  warning  'StaffTasksTable' is defined but never used     no-unused-vars

C:\Users\ASUS\Downloads\Curioushues\checklist-delegation-supabase\src\pages\admin\dashboard\views\EAView.jsx
    1:10   warning  'useRef' is defined but never used                                                                               no-unused-vars
    2:10   warning  'Users' is defined but never used                                                                                no-unused-vars
    2:17   warning  'Phone' is defined but never used                                                                                no-unused-vars
    2:24   warning  'Calendar' is defined but never used                                                                             no-unused-vars
    2:34   warning  'FileText' is defined but never used                                                                             no-unused-vars
    2:44   warning  'CheckCircle' is defined but never used                                                                          no-unused-vars
    2:57   warning  'Clock' is defined but never used                                                                                no-unused-vars
    2:64   warning  'AlertCircle' is defined but never used                                                                          no-unused-vars
    2:77   warning  'ArrowUpRight' is defined but never used                                                                         no-unused-vars
    2:91   warning  'TrendingUp' is defined but never used                                                                           no-unused-vars
    2:103  warning  'UserCheck' is defined but never used                                                                            no-unused-vars
    2:114  warning  'PieChart' is defined but never used                                                                             no-unused-vars
    2:124  warning  'Play' is defined but never used                                                                                 no-unused-vars
    2:130  warning  'Pause' is defined but never used                                                                                no-unused-vars
    2:137  warning  'Save' is defined but never used                                                                                 no-unused-vars
    2:143  warning  'X' is defined but never used                                                                                    no-unused-vars
    3:8    warning  'AudioPlayer' is defined but never used                                                                          no-unused-vars
   28:12   warning  'doerStats' is assigned a value but never used                                                                   no-unused-vars
   33:12   warning  'isSaving' is assigned a value but never used                                                                    no-unused-vars
   81:11   warning  'handleApproveTask' is assigned a value but never used                                                           no-unused-vars
  101:8    warning  React Hook useEffect has a missing dependency: 'fetchEATasks'. Either include it or remove the dependency array  react-hooks/exhaustive-deps
  243:15   warning  'startStr' is assigned a value but never used                                                                    no-unused-vars

C:\Users\ASUS\Downloads\Curioushues\checklist-delegation-supabase\src\pages\admin\dashboard\views\MaintenanceView.jsx
   1:8    warning  'React' is defined but never used                         no-unused-vars
   1:36   warning  'useRef' is defined but never used                        no-unused-vars
   3:78   warning  'FileText' is defined but never used                      no-unused-vars
   3:88   warning  'Play' is defined but never used                          no-unused-vars
   3:94   warning  'Pause' is defined but never used                         no-unused-vars
   3:101  warning  'Edit' is defined but never used                          no-unused-vars
   3:107  warning  'Save' is defined but never used                          no-unused-vars
   3:113  warning  'X' is defined but never used                             no-unused-vars
   4:8    warning  'AudioPlayer' is defined but never used                   no-unused-vars
   7:10   warning  'fetchUniqueDepartmentDataApi' is defined but never used  no-unused-vars
   8:10   warning  'BarChart' is defined but never used                      no-unused-vars
   8:20   warning  'Bar' is defined but never used                           no-unused-vars
   8:25   warning  'XAxis' is defined but never used                         no-unused-vars
   8:32   warning  'YAxis' is defined but never used                         no-unused-vars
   8:39   warning  'CartesianGrid' is defined but never used                 no-unused-vars
   8:54   warning  'Tooltip' is defined but never used                       no-unused-vars
   8:63   warning  'ResponsiveContainer' is defined but never used           no-unused-vars
   8:84   warning  'PieChart' is defined but never used                      no-unused-vars
   8:94   warning  'Pie' is defined but never used                           no-unused-vars
   8:99   warning  'Cell' is defined but never used                          no-unused-vars
  10:8    warning  'RenderDescription' is defined but never used             no-unused-vars
  10:29   warning  'MediaViewer' is defined but never used                   no-unused-vars
  21:7    warning  'StatCard' is assigned a value but never used             no-unused-vars
  21:27   warning  'Icon' is defined but never used                          no-unused-vars
  33:50   warning  'originalStats' is defined but never used                 no-unused-vars
  33:65   warning  'chartData' is defined but never used                     no-unused-vars

C:\Users\ASUS\Downloads\Curioushues\checklist-delegation-supabase\src\pages\admin\dashboard\views\RepairView.jsx
   1:8    warning  'React' is defined but never used                no-unused-vars
   1:36   warning  'useRef' is defined but never used               no-unused-vars
   2:58   warning  'PieIcon' is defined but never used              no-unused-vars
   2:67   warning  'Search' is defined but never used               no-unused-vars
   2:75   warning  'X' is defined but never used                    no-unused-vars
   2:78   warning  'Loader2' is defined but never used              no-unused-vars
   2:87   warning  'Save' is defined but never used                 no-unused-vars
   2:93   warning  'Wrench' is defined but never used               no-unused-vars
   2:101  warning  'Play' is defined but never used                 no-unused-vars
   2:107  warning  'Pause' is defined but never used                no-unused-vars
   3:10   warning  'LineChart' is defined but never used            no-unused-vars
   3:21   warning  'Line' is defined but never used                 no-unused-vars
   3:27   warning  'XAxis' is defined but never used                no-unused-vars
   3:34   warning  'YAxis' is defined but never used                no-unused-vars
   3:41   warning  'CartesianGrid' is defined but never used        no-unused-vars
   3:56   warning  'Tooltip' is defined but never used              no-unused-vars
   3:65   warning  'ResponsiveContainer' is defined but never used  no-unused-vars
   3:86   warning  'PieChart' is defined but never used             no-unused-vars
   3:96   warning  'Pie' is defined but never used                  no-unused-vars
   3:101  warning  'Cell' is defined but never used                 no-unused-vars
   5:8    warning  'AudioPlayer' is defined but never used          no-unused-vars
   8:8    warning  'RenderDescription' is defined but never used    no-unused-vars
  19:7    warning  'StatCard' is assigned a value but never used    no-unused-vars
  19:27   warning  'Icon' is defined but never used                 no-unused-vars
  75:37   warning  'admin_done' is defined but never used           no-unused-vars

C:\Users\ASUS\Downloads\Curioushues\checklist-delegation-supabase\src\pages\admin\director-data-page.jsx
    4:10  warning  'CheckCircle2' is defined but never used                                                                           no-unused-vars
    4:24  warning  'Upload' is defined but never used                                                                                 no-unused-vars
    4:32  warning  'X' is defined but never used                                                                                      no-unused-vars
    4:35  warning  'Search' is defined but never used                                                                                 no-unused-vars
    4:43  warning  'History' is defined but never used                                                                                no-unused-vars
    4:52  warning  'ArrowLeft' is defined but never used                                                                              no-unused-vars
    4:63  warning  'Calendar' is defined but never used                                                                               no-unused-vars
    4:73  warning  'Check' is defined but never used                                                                                  no-unused-vars
    5:8   warning  'AdminLayout' is defined but never used                                                                            no-unused-vars
    6:8   warning  'ReactDOM' is defined but never used                                                                               no-unused-vars
   23:10  warning  'debugInfo' is assigned a value but never used                                                                     no-unused-vars
  111:9   warning  'formatDateFromHTML' is assigned a value but never used                                                            no-unused-vars
  257:7   warning  'ConfirmationModal' is assigned a value but never used                                                             no-unused-vars
  417:15  warning  'columnPValue' is assigned a value but never used                                                                  no-unused-vars
  501:6   warning  React Hook useEffect has a missing dependency: 'fetchSheetData'. Either include it or remove the dependency array  react-hooks/exhaustive-deps

C:\Users\ASUS\Downloads\Curioushues\checklist-delegation-supabase\src\pages\admin\jockey-data-page.jsx
    4:10  warning  'CheckCircle2' is defined but never used                                                                           no-unused-vars
    4:24  warning  'Upload' is defined but never used                                                                                 no-unused-vars
    4:32  warning  'X' is defined but never used                                                                                      no-unused-vars
    4:35  warning  'Search' is defined but never used                                                                                 no-unused-vars
    4:43  warning  'History' is defined but never used                                                                                no-unused-vars
    4:52  warning  'ArrowLeft' is defined but never used                                                                              no-unused-vars
    4:63  warning  'Calendar' is defined but never used                                                                               no-unused-vars
    4:73  warning  'Check' is defined but never used                                                                                  no-unused-vars
    5:8   warning  'AdminLayout' is defined but never used                                                                            no-unused-vars
    6:8   warning  'ReactDOM' is defined but never used                                                                               no-unused-vars
   23:10  warning  'debugInfo' is assigned a value but never used                                                                     no-unused-vars
  110:9   warning  'formatDateFromHTML' is assigned a value but never used                                                            no-unused-vars
  256:9   warning  'ConfirmationModal' is assigned a value but never used                                                             no-unused-vars
  416:15  warning  'columnPValue' is assigned a value but never used                                                                  no-unused-vars
  500:6   warning  React Hook useEffect has a missing dependency: 'fetchSheetData'. Either include it or remove the dependency array  react-hooks/exhaustive-deps

C:\Users\ASUS\Downloads\Curioushues\checklist-delegation-supabase\src\pages\admin\managingDirector-data-page.jsx
    3:10  warning  'CheckCircle2' is defined but never used                                                                                                      no-unused-vars
    3:24  warning  'Upload' is defined but never used                                                                                                            no-unused-vars
    3:32  warning  'X' is defined but never used                                                                                                                 no-unused-vars
    3:35  warning  'Search' is defined but never used                                                                                                            no-unused-vars
    3:43  warning  'History' is defined but never used                                                                                                           no-unused-vars
    3:52  warning  'ArrowLeft' is defined but never used                                                                                                         no-unused-vars
    4:8   warning  'AdminLayout' is defined but never used                                                                                                       no-unused-vars
  127:6   warning  React Hook useMemo has a missing dependency: 'sortDateWise'. Either include it or remove the dependency array                                 react-hooks/exhaustive-deps
  227:16  warning  'parseError' is defined but never used                                                                                                        no-unused-vars
  363:6   warning  React Hook useCallback has missing dependencies: 'parseGoogleSheetsDate' and 'showToast'. Either include them or remove the dependency array  react-hooks/exhaustive-deps

C:\Users\ASUS\Downloads\Curioushues\checklist-delegation-supabase\src\pages\admin\purchase-data-page.jsx
    4:10  warning  'CheckCircle2' is defined but never used                                                                           no-unused-vars
    4:24  warning  'Upload' is defined but never used                                                                                 no-unused-vars
    4:32  warning  'X' is defined but never used                                                                                      no-unused-vars
    4:35  warning  'Search' is defined but never used                                                                                 no-unused-vars
    4:43  warning  'History' is defined but never used                                                                                no-unused-vars
    4:52  warning  'ArrowLeft' is defined but never used                                                                              no-unused-vars
    4:63  warning  'Calendar' is defined but never used                                                                               no-unused-vars
    4:73  warning  'Check' is defined but never used                                                                                  no-unused-vars
    5:8   warning  'AdminLayout' is defined but never used                                                                            no-unused-vars
    6:8   warning  'ReactDOM' is defined but never used                                                                               no-unused-vars
   23:10  warning  'debugInfo' is assigned a value but never used                                                                     no-unused-vars
  111:9   warning  'formatDateFromHTML' is assigned a value but never used                                                            no-unused-vars
  257:7   warning  'ConfirmationModal' is assigned a value but never used                                                             no-unused-vars
  417:15  warning  'columnPValue' is assigned a value but never used                                                                  no-unused-vars
  501:6   warning  React Hook useEffect has a missing dependency: 'fetchSheetData'. Either include it or remove the dependency array  react-hooks/exhaustive-deps

C:\Users\ASUS\Downloads\Curioushues\checklist-delegation-supabase\src\pages\admin\service-data-page.jsx
    4:10  warning  'CheckCircle2' is defined but never used                                                                           no-unused-vars
    4:24  warning  'Upload' is defined but never used                                                                                 no-unused-vars
    4:32  warning  'X' is defined but never used                                                                                      no-unused-vars
    4:35  warning  'Search' is defined but never used                                                                                 no-unused-vars
    4:43  warning  'History' is defined but never used                                                                                no-unused-vars
    4:52  warning  'ArrowLeft' is defined but never used                                                                              no-unused-vars
    4:63  warning  'Calendar' is defined but never used                                                                               no-unused-vars
    4:73  warning  'Check' is defined but never used                                                                                  no-unused-vars
    5:8   warning  'AdminLayout' is defined but never used                                                                            no-unused-vars
    6:8   warning  'ReactDOM' is defined but never used                                                                               no-unused-vars
   23:10  warning  'debugInfo' is assigned a value but never used                                                                     no-unused-vars
  110:9   warning  'formatDateFromHTML' is assigned a value but never used                                                            no-unused-vars
  256:9   warning  'ConfirmationModal' is assigned a value but never used                                                             no-unused-vars
  416:15  warning  'columnPValue' is assigned a value but never used                                                                  no-unused-vars
  500:6   warning  React Hook useEffect has a missing dependency: 'fetchSheetData'. Either include it or remove the dependency array  react-hooks/exhaustive-deps

C:\Users\ASUS\Downloads\Curioushues\checklist-delegation-supabase\src\pages\admin\ware-house-data.jsx
    5:10  warning  'CheckCircle2' is defined but never used                                                                                    no-unused-vars
    5:24  warning  'Upload' is defined but never used                                                                                          no-unused-vars
    5:32  warning  'X' is defined but never used                                                                                               no-unused-vars
    5:35  warning  'Search' is defined but never used                                                                                          no-unused-vars
    5:43  warning  'History' is defined but never used                                                                                         no-unused-vars
    5:52  warning  'ArrowLeft' is defined but never used                                                                                       no-unused-vars
    6:8   warning  'AdminLayout' is defined but never used                                                                                     no-unused-vars
  129:6   warning  React Hook useMemo has a missing dependency: 'sortDateWise'. Either include it or remove the dependency array               react-hooks/exhaustive-deps
  229:16  warning  'parseError' is defined but never used                                                                                      no-unused-vars
  365:6   warning  React Hook useCallback has a missing dependency: 'parseGoogleSheetsDate'. Either include it or remove the dependency array  react-hooks/exhaustive-deps

C:\Users\ASUS\Downloads\Curioushues\checklist-delegation-supabase\src\pages\delegation-data.jsx
    1:53  warning  'useRef' is defined but never used                           no-unused-vars
    2:10  warning  'CheckCircle2' is defined but never used                     no-unused-vars
    2:24  warning  'Trash2' is defined but never used                           no-unused-vars
    2:32  warning  'X' is defined but never used                                no-unused-vars
    2:35  warning  'Search' is defined but never used                           no-unused-vars
    2:43  warning  'Play' is defined but never used                             no-unused-vars
    2:49  warning  'Pause' is defined but never used                            no-unused-vars
    2:56  warning  'Edit' is defined but never used                             no-unused-vars
    2:62  warning  'Save' is defined but never used                             no-unused-vars
    2:68  warning  'Mic' is defined but never used                              no-unused-vars
    2:73  warning  'Square' is defined but never used                           no-unused-vars
    5:10  warning  'ReactMediaRecorder' is defined but never used               no-unused-vars
    7:8   warning  'AudioPlayer' is defined but never used                      no-unused-vars
   10:8   warning  'RenderDescription' is defined but never used                no-unused-vars
   21:7   warning  'CONFIG' is assigned a value but never used                  no-unused-vars
   31:3   warning  'setFreqFilter' is defined but never used                    no-unused-vars
   33:3   warning  'showLayout' is assigned a value but never used              no-unused-vars
   38:3   warning  'departments' is assigned a value but never used             no-unused-vars
   39:3   warning  'givenByList' is assigned a value but never used             no-unused-vars
   40:3   warning  'doersList' is assigned a value but never used               no-unused-vars
   44:10  warning  'error' is assigned a value but never used                   no-unused-vars
   44:17  warning  'setError' is assigned a value but never used                no-unused-vars
   45:10  warning  'userRole' is assigned a value but never used                no-unused-vars
   46:10  warning  'username' is assigned a value but never used                no-unused-vars
   50:10  warning  'editingTaskId' is assigned a value but never used           no-unused-vars
   52:10  warning  'isSaving' is assigned a value but never used                no-unused-vars
   54:10  warning  'isUploading' is assigned a value but never used             no-unused-vars
  129:16  warning  'e' is defined but never used                                no-unused-vars
  155:9   warning  'handleCancelEdit' is assigned a value but never used        no-unused-vars
  161:9   warning  'handleSaveEdit' is assigned a value but never used          no-unused-vars
  178:25  warning  'uploadData' is assigned a value but never used              no-unused-vars
  245:9   warning  'handleInputChange' is assigned a value but never used       no-unused-vars
  252:9   warning  'handleAttachmentChange' is assigned a value but never used  no-unused-vars
  268:9   warning  'addAttachment' is assigned a value but never used           no-unused-vars
  276:9   warning  'removeAttachment' is assigned a value but never used        no-unused-vars

C:\Users\ASUS\Downloads\Curioushues\checklist-delegation-supabase\src\pages\delegation.jsx
    2:53  warning  'Fragment' is defined but never used                                                                     no-unused-vars
    4:3   warning  'CheckCircle2' is defined but never used                                                                 no-unused-vars
    5:3   warning  'Upload' is defined but never used                                                                       no-unused-vars
    6:3   warning  'X' is defined but never used                                                                            no-unused-vars
    7:3   warning  'Search' is defined but never used                                                                       no-unused-vars
    8:3   warning  'History' is defined but never used                                                                      no-unused-vars
    9:3   warning  'ArrowLeft' is defined but never used                                                                    no-unused-vars
   10:3   warning  'Filter' is defined but never used                                                                       no-unused-vars
   11:3   warning  'Play' is defined but never used                                                                         no-unused-vars
   12:3   warning  'Pause' is defined but never used                                                                        no-unused-vars
   13:3   warning  'BellRing' is defined but never used                                                                     no-unused-vars
   14:3   warning  'ChevronLeft' is defined but never used                                                                  no-unused-vars
   15:3   warning  'ChevronRight' is defined but never used                                                                 no-unused-vars
   17:10  warning  'useRef' is defined but never used                                                                       no-unused-vars
   18:8   warning  'AdminLayout' is defined but never used                                                                  no-unused-vars
   19:8   warning  'AudioPlayer' is defined but never used                                                                  no-unused-vars
   28:8   warning  'RenderDescription' is defined but never used                                                            no-unused-vars
   28:29  warning  'MediaViewer' is defined but never used                                                                  no-unused-vars
   66:10  warning  'accountData' is assigned a value but never used                                                         no-unused-vars
   66:23  warning  'setAccountData' is assigned a value but never used                                                      no-unused-vars
   70:10  warning  'additionalData' is assigned a value but never used                                                      no-unused-vars
   72:17  warning  'setError' is assigned a value but never used                                                            no-unused-vars
   74:10  warning  'historyData' is assigned a value but never used                                                         no-unused-vars
   74:23  warning  'setHistoryData' is assigned a value but never used                                                      no-unused-vars
  243:9   warning  'parseDateFromDDMMYYYY' is assigned a value but never used                                               no-unused-vars
  398:6   warning  React Hook useMemo has a duplicate dependency: 'endDate'. Either omit it or remove the dependency array  react-hooks/exhaustive-deps
  423:9   warning  'PaginationUI' is assigned a value but never used                                                        no-unused-vars
  613:9   warning  'fileToBase64' is assigned a value but never used                                                        no-unused-vars
  795:9   warning  'handleSendUrgentWhatsApp' is assigned a value but never used                                            no-unused-vars

C:\Users\ASUS\Downloads\Curioushues\checklist-delegation-supabase\src\pages\user\Dashboard.jsx
    4:10  warning  'Link' is defined but never used                no-unused-vars
  177:7   warning  'TasksList' is assigned a value but never used  no-unused-vars

C:\Users\ASUS\Downloads\Curioushues\checklist-delegation-supabase\src\pages\user\Demo.jsx
  1:8  warning  'React' is defined but never used           no-unused-vars
  2:8  warning  'AdminDashboard' is defined but never used  no-unused-vars

C:\Users\ASUS\Downloads\Curioushues\checklist-delegation-supabase\src\pages\user\Tasks.jsx
  179:14  warning  'error' is defined but never used  no-unused-vars

C:\Users\ASUS\Downloads\Curioushues\checklist-delegation-supabase\src\redux\api\assignTaskApi.js
  16:11  warning  'role' is assigned a value but never used        no-unused-vars
  17:11  warning  'userAccess' is assigned a value but never used  no-unused-vars
  70:18  warning  'e' is defined but never used                    no-unused-vars

C:\Users\ASUS\Downloads\Curioushues\checklist-delegation-supabase\src\redux\api\checkListApi.js
   12:11  warning  'today' is assigned a value but never used          no-unused-vars
   15:11  warning  'endOfTodayISO' is assigned a value but never used  no-unused-vars
  115:26  warning  'count' is assigned a value but never used          no-unused-vars
  157:25  warning  'uploadData' is assigned a value but never used     no-unused-vars

C:\Users\ASUS\Downloads\Curioushues\checklist-delegation-supabase\src\redux\api\dashboardApi.js
  760:9  warning  Unexpected lexical declaration in case block  no-case-declarations
  765:9  warning  Unexpected lexical declaration in case block  no-case-declarations
  840:9  warning  Unexpected lexical declaration in case block  no-case-declarations
  845:9  warning  Unexpected lexical declaration in case block  no-case-declarations

C:\Users\ASUS\Downloads\Curioushues\checklist-delegation-supabase\src\redux\api\delegationApi.js
   58:29  warning  'uploadData' is assigned a value but never used  no-unused-vars
  215:16  warning  'status' is defined but never used               no-unused-vars
  283:12  warning  'error' is defined but never used                no-unused-vars

C:\Users\ASUS\Downloads\Curioushues\checklist-delegation-supabase\src\redux\api\maintenanceApi.js
    9:18  warning  'e' is defined but never used                    no-unused-vars
  108:11  warning  'start' is assigned a value but never used       no-unused-vars
  111:11  warning  'userAccess' is assigned a value but never used  no-unused-vars

C:\Users\ASUS\Downloads\Curioushues\checklist-delegation-supabase\src\redux\api\quickTaskApi.js
   9:14  warning  'e' is defined but never used                    no-unused-vars
  17:84  warning  'dateFilter' is assigned a value but never used  no-unused-vars
  84:85  warning  'dateFilter' is assigned a value but never used  no-unused-vars

C:\Users\ASUS\Downloads\Curioushues\checklist-delegation-supabase\src\redux\api\settingApi.js
   17:13  warning  'count' is assigned a value but never used        no-unused-vars
   17:27  warning  'countError' is assigned a value but never used   no-unused-vars
   34:12  warning  'error' is defined but never used                 no-unused-vars
   84:12  warning  'error' is defined but never used                 no-unused-vars
  111:7   error    Duplicate key 'status'                            no-dupe-keys
  127:12  warning  'error' is defined but never used                 no-unused-vars
  147:7   error    Duplicate key 'status'                            no-dupe-keys
  181:17  warning  'designation' is assigned a value but never used  no-unused-vars
  351:18  warning  'error' is defined but never used                 no-unused-vars

Γ£û 841 problems (2 errors, 839 warnings)

